
> gravino-v2@0.1.0 build
> next build

   ▲ Next.js 15.5.24

   Creating an optimized production build ...
 ✓ Compiled successfully in 18.1s
   Linting and checking validity of types ...
   Collecting page data ...
   Generating static pages (0/14) ...
   Generating static pages (3/14) 
   Generating static pages (6/14) 
   Generating static pages (10/14) 
 ✓ Generating static pages (14/14)
   Finalizing page optimization ...
   Collecting build traces ...
   Exporting (0/2) ...
 ✓ Exporting (2/2)

Route (app)                                 Size  First Load JS
┌ ○ /                                       3 kB         108 kB
├ ○ /_not-found                            992 B         104 kB
├ ○ /about                                 166 B         106 kB
├ ○ /contact                             2.61 kB         108 kB
├ ○ /icon.png                                0 B            0 B
├ ○ /lab                                 6.58 kB         109 kB
├ ○ /opengraph-image.jpg                     0 B            0 B
├ ○ /privacy                               166 B         106 kB
├ ○ /robots.txt                            127 B         103 kB
├ ○ /services                              166 B         106 kB
├ ○ /sitemap.xml                           127 B         103 kB
└ ○ /terms                                 166 B         106 kB
+ First Load JS shared by all             103 kB
  ├ chunks/255-9d0d2ba8fe9ae3d9.js       46.5 kB
  ├ chunks/4bd1b696-c023c6e3521b1417.js  54.2 kB
  └ other shared chunks (total)          2.15 kB


○  (Static)  prerendered as static content

